arpophyllum/arpophyllum_giganteum-5.jpg
brassavola/brassavola_cucullata-2.jpg
brassavola/brassavola_cucullata-2.jpg
brassavola/brassavola_cucullata-4.jpg
brassavola/brassavola_cucullata-6.jpg
brassavola/brassavola_nodosa-3.jpg
brassavola/brassavola_nodosa-5.jpg
bletia/bletia_purpurea-1.jpg
bletia/bletia_purpurea-2.jpg
bletia/bletia_purpurea-4.jpg
bletia/bletia_purpurea-5.jpg
bletia/bletia_purpurea-6.jpg
campylocentrum/campylocentrum_micranthum-1.jpg
campylocentrum/campylocentrum_micranthum-3.jpg
campylocentrum/campylocentrum_micranthum-4.jpg
campylocentrum/campylocentrum_micranthum-4.jpg
campylocentrum/campylocentrum_schiedei-4.jpg
campylocentrum/campylocentrum_schiedei-4.jpg
catasetum/catasetum_integerrimum-3.jpg
catasetum/catasetum_integerrimum-6.jpg
catasetum/catasetum_integerrimum-8.jpg
catasetum/catasetum_integerrimum-9.jpg
encyclia/encyclia_alata_subsp_alata-4.jpg
encyclia/encyclia_alata_subsp_alata-5.jpg
encyclia/encyclia_alata_subsp_alata-7.jpg
encyclia/encyclia_asperula-1.jpg
encyclia/encyclia_asperula-2.jpg
encyclia/encyclia_asperula-3.jpg
encyclia/encyclia_asperula-4.jpg
encyclia/encyclia_asperula-5.jpg
encyclia/encyclia_asperula-lip-1.jpg
encyclia/encyclia_asperula-lip-4.jpg
encyclia/encyclia_asperula-lip-6.jpg
encyclia/encyclia_bractescens-1.jpg
encyclia/encyclia_bractescens-3.jpg
encyclia/encyclia_bractescens-6.jpg
encyclia/encyclia_bractescens-7.jpg
encyclia/encyclia_chacaoensis-3.jpg
encyclia/encyclia_chacaoensis-5.jpg
encyclia/encyclia_chacaoensis-6.jpg
encyclia/encyclia_chacaoensis-7.jpg
encyclia/encyclia_chacaoensis-8.jpg
encyclia/encyclia_cochleata-1_2.jpg
encyclia/encyclia_cochleata-2.jpg
encyclia/encyclia_radiata-1.jpg
encyclia/encyclia_radiata-3.jpg
encyclia/encyclia_radiata-5.jpg
epidendrum/epidendrum_acunae.jpg
epidendrum/epidendrum_acunae-2.jpg
epidendrum/epidendrum_acunae-4.jpg
epidendrum/epidendrum_acunae-8.jpg
epidendrum/epidendrum_polyanthum-1.jpg
epidendrum/epidendrum_stamfordianum-2.jpg
epidendrum/epidendrum_stamfordianum-4.jpg
epidendrum/epidendrum_stamfordianum-6.jpg
epidendrum/epidendrum_stamfordianum-7.jpg
gongora/gongora_unicolor-1.jpg
gongora/gongora_unicolor-4.jpg
gongora/gongora_unicolor-8.jpg
gongora/gongora_unicolor-11.jpg
habenaria/habenaria_quinqueseta-25p.jpg
isochilus/isochilus_carnosiflorus-1.jpg
isochilus/isochilus_carnosiflorus-4.jpg
lockhartia/lockhartia_pittieri-1.jpg
lockhartia/lockhartia_pittieri-2.jpg
maxillaria/maxillaria_elatior-1.jpg
maxillaria/maxillaria_densa-3.jpg
maxillaria/maxillaria_densa-4.jpg
maxillaria/maxillaria_densa-6.jpg
maxillaria/maxillaria_rufescens-1.jpg
maxillaria/maxillaria_rufescens-2.jpg
maxillaria/maxillaria_rufescens-3.jpg
maxillaria/maxillaria_tenuifolia-1.jpg
maxillaria/maxillaria_tenuifolia-2.jpg
maxillaria/maxillaria_tenuifolia-4.jpg
maxillaria/maxillaria_tenuifolia-5.jpg
maxillaria/maxillaria_variabilis-2.jpg
maxillaria/maxillaria_variabilis-3.jpg
maxillaria/maxillaria_variabilis-6.jpg
maxillaria/maxillaria_variabilis-7.jpg
myrmecophila/myrmecophila_tibicinis-1.jpg
myrmecophila/myrmecophila_tibicinis-2.jpg
myrmecophila/myrmecophila_tibicinis-9.jpg
myrmecophila/myrmecophila_tibicinis-11.jpg
myrmecophila/myrmecophila_tibicinis-12.jpg
notylia/notylia_barkeri-1.jpg
notylia/notylia_barkeri-2.jpg
notylia/notylia_barkeri-3.jpg
notylia/notylia_barkeri-4.jpg
oncidium/oncidium_altissimum.jpg
oncidium/oncidium_altissimum-1.jpg
oncidium/oncidium_altissimum-2.jpg
oncidium/oncidium_altissimum-3.jpg
oncidium/oncidium_ascendens-1.jpg
oncidium/oncidium_ascendens-2.jpg
oncidium/oncidium_ascendens-3.jpg
oncidium/oncidium_sphacelatum-1.jpg
oncidium/oncidium_sphacelatum-2.jpg
oncidium/oncidium_sphacelatum-3.jpg
oncidium/oncidium_sphacelatum-4.jpg
platythelys/platythelys_querceticola-1.jpg
platythelys/platythelys_querceticola-2.jpg
platythelys/platythelys_querceticola-3.jpg
platythelys/platythelys_querceticola-4.jpg
platythelys/platythelys_querceticola-5.jpg
pleurothallis/pleurothallis_brighamii-10.jpg
pleurothallis/pleurothallis_brighamii-2.jpg
pleurothallis/pleurothallis_brighamii-3.jpg
pleurothallis/pleurothallis_brighamii-5.jpg
pleurothallis/pleurothallis_brighamii-7.jpg
pleurothallis/pleurothallis_brighamii-8.jpg
pleurothallis/pleurothallis_brighamii-9.jpg
pleurothallis/pleurothallis_duplooyi-1_2.jpg
pleurothallis/pleurothallis_duplooyi-2_25p.jpg
pleurothallis/pleurothallis_hondurensis-3.jpg
pleurothallis/pleurothallis_hondurensis-4.jpg
pleurothallis/pleurothallis_hondurensis-5.jpg
pleurothallis/pleurothallis_hondurensis-6.jpg
pleurothallis/pleurothallis_hondurensis-8.jpg
psygmorchis/psygmorchis_pusilla-1.jpg
psygmorchis/psygmorchis_pusilla-2.jpg
restrepiella/restrepiella_ophiocephala-1.jpg
restrepiella/restrepiella_ophiocephala-2.jpg
restrepiella/restrepiella_ophiocephala-3.jpg
restrepiella/restrepiella_ophiocephala-4.jpg
restrepiella/restrepiella_ophiocephala-5.jpg
scaphyglottis/scaphyglottis_leucantha-2.jpg
scaphyglottis/scaphyglottis_leucantha-3.jpg
scaphyglottis/scaphyglottis_leucantha-4.jpg
scaphyglottis/scaphyglottis_leucantha-6.jpg
scaphyglottis/scaphyglottis_leucantha-7.jpg
stanhopea/stanhopea_ecornuta.jpg
trichosalpinx/trichosalpinx_blaisdellii-1.jpg
trichosalpinx/trichosalpinx_blaisdellii-2.jpg
trichosalpinx/trichosalpinx_blaisdellii-3.jpg
trigonidium/trigonidium_egertonianum-1.jpg
trigonidium/trigonidium_egertonianum-2.jpg
vanilla/vanilla_planifolia-2.jpg
vanilla/vanilla_planifolia-3.jpg
